Unmapped symbols (extend map or DB):
  - AutoProcessData.GlobalData.Table2CodeOKFlag
  - ChangeOver_DB.Global.AllFixtureScanCompareOk
  - ChangeOver_DB.Global.ScanFixtureFlag
  - DB_Commissioning.bit[2]
  - KeyenceSR1000Ctrl_802A1DB.sHMI.Indata.ReadComplete
  - KeyenceSR1000Ctrl_802A1DB.sHMI.Status.Complete
  - KeyenceSR1000Ctrl_802A1DB.sHMI.Status.ReadNok
  - KeyenceSR1000Ctrl_802A1DB.sHMI.Status.ReadOk
  - KeyenceSR1000Ctrl_802A1DB.sHMI.Status.Ready
  - KukaRobot3_CtrlDB.sROBtoPLC.User.Cycle.DO305_GripScanInside
  - MEStoPLC.MES.Load_Station1PartNG
  - MEStoPLC.MES.Load_Station1PartOK
  - MEStoPLC.MES.Load_Station1ReqMesDone
  - PLCtoMES.PLC.Load_Station1ChickInReq
  - PLCtoMES.Static_2
  - ST10Cylinder.Cy[3].In.HomePositionSensor
  - ST10Cylinder.Cy[3].In.WorkPositionSensor
  - ST10Cylinder.Cy[4].In.HomePositionSensor
  - ST10Cylinder.Cy[4].In.WorkPositionSensor
  - ST10_RecipeDB.Recipe.Equal
  - ServoV90_A4.Out.oReady
  - ServoV90_DeviceCtl.V90Servo[4].Point[1].Achieve
  - ServoV90_DeviceCtl.V90Servo[4].Point[2].Achieve
  - ServoV90_DeviceCtl.V90Servo[4].Point[3].Achieve
  - ServoV90_DeviceCtl.V90Servo[4].Point[4].Achieve
  - ServoV90_DeviceCtl.V90Servo[4].Point[5].Achieve
  - ServoV90_DeviceCtl.V90Servo[4].Point[6].Achieve
  - ServoV90_DeviceCtl.V90Servo[4].Point[7].Achieve
  - ServoV90_DeviceCtl.V90Servo[4].Point[8].Achieve
  - Station_Sys.Alarm.CycleStop
  - Station_Sys.Alarm.ImmediatelyStop
  - Station_Sys.Cmd.OnOffLine
  - iA-Rotating product Check
Unmapped symbols (extend map or DB):
  - AutoProcessData.F_Robot3Grip2.PartStatus
  - AutoProcessData.GlobalData.Table2CodeOKFlag
  - ChangeOver_DB.Global.AllFixtureScanCompareOk
  - ChangeOver_DB.Global.ChangeOverRequest
  - ChangeOver_DB.Global.ManualModeFlag
  - ChangeOver_DB.Global.ScanFixtureFlag
  - KukaRobot3_CtrlDB.sROBtoPLC.Sys.SO.IN_HOME
  - KukaRobot3_CtrlDB.sROBtoPLC.User.Cycle.DO257_PickTableInside
  - KukaRobot3_CtrlDB.sROBtoPLC.User.Cycle.DO258_PickTableFinish
  - KukaRobot3_CtrlDB.sROBtoPLC.User.Home.DO163_HomeSeqOK
  - ST10Cylinder.Cy[3].In.HomePositionSensor
  - ST10Cylinder.Cy[3].In.WorkPositionSensor
  - ST10Cylinder.Cy[4].In.HomePositionSensor
  - ST10Cylinder.Cy[4].In.WorkPositionSensor
  - ST10_DeviceError.A.A2TableUnloading.RingCheckExist
  - ST10_GeneralData.FunctionDeSelect.Global.DeSelectPB_ScanFixture
  - ServoV90_A4.Auto.Index
  - ServoV90_A4.Out.oReady
  - ServoV90_A4.Out.oServoPosOK
  - ServoV90_DeviceCtl.V90Servo[4].Point[ServoV90_DeviceCtl.V90Servo[4].nPositionListNo].Achieve
  - ServoV90_DeviceCtl.V90Servo[4].nPositionListNo
  - Station_Sys.Alarm.CycleStop
  - Station_Sys.Alarm.ImmediatelyStop
  - Station_Sys.Cmd.ClearFlags
  - TOF[5].Q
  - iA-Loading-02Detection
  - iA-Loading-02GripperTakeDetection
  - iA-Loading-02PipeDetection
Unmapped symbols (extend map or DB):
  - AutoProcessData.B_Press2.PartStatus
  - DB_maXYmosNC2.InputMessages.StatusBits.DRIVE-ENABLED
  - DB_maXYmosNC2.InputMessages.StatusBits.MP
  - DB_maXYmosNC2.InputMessages.StatusBits.O-UNI
  - DB_maXYmosNC2.InputMessages.StatusBits.READY
  - DB_maXYmosNC2.InputMessages.StatusBits.RUN-SEQUENCE
  - DB_maXYmosNC2.InputMessages.StatusBits.SEQUENCE-END
  - DB_maXYmosNC2.InputMessages.StatusBits.UNI
  - DB_maXYmosNC2.oCycleNOK
  - DB_maXYmosNC2.oCycleOK
  - DB_maXYmosNC2.oInHomePos
  - DB_maXYmosNC2.oRdyAmp
  - DB_maXYmosNC2.oRdyCmd
  - DB_maXYmosNC2.oReady
  - DB_maXYmosNC2.oRunSeq
  - KukaRobot2_CtrlDB.sROBtoPLC.User.Cycle.DO273_PressPutPart1Inside
  - KukaRobot2_CtrlDB.sROBtoPLC.User.Cycle.DO274_PressPutPart1Finish
  - KukaRobot3_CtrlDB.sROBtoPLC.User.Cycle.DO277_PressPutRingInside
  - KukaRobot3_CtrlDB.sROBtoPLC.User.Cycle.DO278_PressPutRingFinish
  - KukaRobot3_CtrlDB.sROBtoPLC.User.Cycle.DO281_PressPickInside
  - KukaRobot3_CtrlDB.sROBtoPLC.User.Cycle.DO282_PressPickFinish
  - KukaRobot3_CtrlDB.sROBtoPLC.User.Home.DO177_PressPut1Area
  - KukaRobot3_CtrlDB.sROBtoPLC.User.Home.DO178_Robot2Area
  - MEStoPLC.MES.Load_Station7PartNG
  - MEStoPLC.MES.Load_Station7PartOK
  - MEStoPLC.MES.Load_Station7ReqMesDone
  - MEStoPLC.MES.Unload_ResultsStored7NG
  - MEStoPLC.MES.Unload_ResultsStored7OK
  - MEStoPLC.MES.Unload_ResultsStored7ReqMesDone
  - PLCtoMES.PLC.Load_Station7ChickInReq
  - PLCtoMES.PLC.Unload_Station7DataSaveReq
  - ProcessData_1.OP40.3.Kistler_Interlock
  - ST10Cylinder.Cy[7].In.HomePositionSensor
  - ST10Cylinder.Cy[7].In.WorkPositionSensor
  - ST10Cylinder.Cy[8].In.HomePositionSensor
  - ST10Cylinder.Cy[8].In.WorkPositionSensor
  - Station_Sys.Alarm.CycleStop
  - Station_Sys.Alarm.ImmediatelyStop
  - Station_Sys.Cmd.OnOffLine
  - TOF[1].Q
  - iB-PressFitting-02DownRingDetection
  - iB-PressFitting-02ShaftDetection
  - iB-PressFitting-02UpRingDetection
Unmapped symbols (extend map or DB):
  - AutoProcessData.B_Press2.PartStatus
  - AutoProcessData.C_MagnScanNGBuffer.PartStatus
  - AutoProcessData.F_Robot2Grip2.PartStatus
  - AutoProcessData.F_Robot3Grip1.PartStatus
  - AutoProcessData.F_Robot3Grip2.PartStatus
  - AutoProcessData.GlobalData.Robot3GripperCodeOKFlag
  - ChangeOver_DB.Global.AllFixtureScanCompareOk
  - ChangeOver_DB.Global.ManualModeFlag
  - ChangeOver_DB.Robot_2.MaintenancePosReqSelFlag
  - ChangeOver_DB.Robot_3.HMI_MaintenanceHomeReq
  - ChangeOver_DB.Robot_3.HMI_MaintenancePosActive
  - ChangeOver_DB.Robot_3.MaintenancePosReqSelFlag
  - ChangeOver_DB.Robot_3.Req_RobotToMaintenancePos
  - KeyenceSR1000Ctrl_803A1DB.oReady
  - KeyenceSR1000Ctrl_803A1DB.sHMI.Status.Complete
  - KeyenceSR1000Ctrl_803A1DB.sHMI.Status.ReadNok
  - KeyenceSR1000Ctrl_803A1DB.sHMI.Status.ReadOk
  - KeyenceSR1000Ctrl_803A1DB.sHMI.Status.Ready
  - KukaRobot2_CtrlDB.sROBtoPLC.User.Cycle.DO249_ScanNGPutInside
  - KukaRobot2_CtrlDB.sROBtoPLC.User.Cycle.DO253_GlueNGPutInside
  - KukaRobot2_CtrlDB.sROBtoPLC.User.Cycle.DO273_PressPutPart1Inside
  - KukaRobot2_CtrlDB.sROBtoPLC.User.Home.DO180_PressPutArea
  - KukaRobot2_CtrlDB.sROBtoPLC.User.Home.DO181_Robot3Area
  - KukaRobot3_CtrlDB.iSpeedValue
  - KukaRobot3_CtrlDB.oReady
  - KukaRobot3_CtrlDB.oStartComplete
  - KukaRobot3_CtrlDB.sHMI.GoHomeFail
  - KukaRobot3_CtrlDB.sHMI.HomeSeqOK
  - KukaRobot3_CtrlDB.sHMI.WaitForAutoCycleStart
  - KukaRobot3_CtrlDB.sPLCtoROB.User.Cycle.DI226_ScanPos1Complete
  - KukaRobot3_CtrlDB.sPLCtoROB.User.Cycle.DI227_ScanPos2Complete
  - KukaRobot3_CtrlDB.sPLCtoROB.User.Cycle.DI228_ScanPos3Complete
  - KukaRobot3_CtrlDB.sPLCtoROB.User.Cycle.DI229_ScanPos4Complete
  - KukaRobot3_CtrlDB.sPLCtoROB.User.Cycle.DI230_ScanPos5Complete
  - KukaRobot3_CtrlDB.sPLCtoROB.User.Cycle.DI231_ScanPos6Complete
  - KukaRobot3_CtrlDB.sPLCtoROB.User.Cycle.DI232_ScanPos7Complete
  - KukaRobot3_CtrlDB.sPLCtoROB.User.Cycle.DI306_ScanPartComplete
  - KukaRobot3_CtrlDB.sPLCtoROB.User.Home.DI169_RobotMoved
  - KukaRobot3_CtrlDB.sROBtoPLC.Sys.SO.ALARM_STOP
  - KukaRobot3_CtrlDB.sROBtoPLC.Sys.SO.EXT
  - KukaRobot3_CtrlDB.sROBtoPLC.Sys.SO.IN_HOME
  - KukaRobot3_CtrlDB.sROBtoPLC.User.Cycle.DO225_ScanPosInside
  - KukaRobot3_CtrlDB.sROBtoPLC.User.Cycle.DO226_ScanPos1Reach
  - KukaRobot3_CtrlDB.sROBtoPLC.User.Cycle.DO227_ScanPos2Reach
  - KukaRobot3_CtrlDB.sROBtoPLC.User.Cycle.DO228_ScanPos3Reach
  - KukaRobot3_CtrlDB.sROBtoPLC.User.Cycle.DO229_ScanPos4Reach
  - KukaRobot3_CtrlDB.sROBtoPLC.User.Cycle.DO230_ScanPos5Reach
  - KukaRobot3_CtrlDB.sROBtoPLC.User.Cycle.DO231_ScanPos6Reach
  - KukaRobot3_CtrlDB.sROBtoPLC.User.Cycle.DO232_ScanPos7Reach
  - KukaRobot3_CtrlDB.sROBtoPLC.User.Cycle.DO233_ScanPoseFinish
  - KukaRobot3_CtrlDB.sROBtoPLC.User.Cycle.DO241_PickPalletInside
  - KukaRobot3_CtrlDB.sROBtoPLC.User.Cycle.DO242_PickPalletFinish
  - KukaRobot3_CtrlDB.sROBtoPLC.User.Cycle.DO249_PickMagnetInside
  - KukaRobot3_CtrlDB.sROBtoPLC.User.Cycle.DO250_PickMagnetFinish
  - KukaRobot3_CtrlDB.sROBtoPLC.User.Cycle.DO253_PickGlueNGInside
  - KukaRobot3_CtrlDB.sROBtoPLC.User.Cycle.DO254_PickGlueNGFinish
  - KukaRobot3_CtrlDB.sROBtoPLC.User.Cycle.DO257_PickTableInside
  - KukaRobot3_CtrlDB.sROBtoPLC.User.Cycle.DO258_PickTableFinish
  - KukaRobot3_CtrlDB.sROBtoPLC.User.Cycle.DO261_ScanRingtInside
  - KukaRobot3_CtrlDB.sROBtoPLC.User.Cycle.DO262_ScanRingFinish
  - KukaRobot3_CtrlDB.sROBtoPLC.User.Cycle.DO263_ScanReach
  - KukaRobot3_CtrlDB.sROBtoPLC.User.Cycle.DO265_LoadNGInside
  - KukaRobot3_CtrlDB.sROBtoPLC.User.Cycle.DO266_LoadNGFinish
  - KukaRobot3_CtrlDB.sROBtoPLC.User.Cycle.DO273_PressPutPart1Inside
  - KukaRobot3_CtrlDB.sROBtoPLC.User.Cycle.DO274_PressPutPart1Finish
  - KukaRobot3_CtrlDB.sROBtoPLC.User.Cycle.DO277_PressPutRingInside
  - KukaRobot3_CtrlDB.sROBtoPLC.User.Cycle.DO278_PressPutRingFinish
  - KukaRobot3_CtrlDB.sROBtoPLC.User.Cycle.DO281_PressPickInside
  - KukaRobot3_CtrlDB.sROBtoPLC.User.Cycle.DO282_PressPickFinish
  - KukaRobot3_CtrlDB.sROBtoPLC.User.Cycle.DO289_PutOkPartInside
  - KukaRobot3_CtrlDB.sROBtoPLC.User.Cycle.DO290_PutOkPartFinish
  - KukaRobot3_CtrlDB.sROBtoPLC.User.Cycle.DO297_MaintainInside
  - KukaRobot3_CtrlDB.sROBtoPLC.User.Cycle.DO298_MaintainFinish
  - KukaRobot3_CtrlDB.sROBtoPLC.User.Cycle.DO300_HomeInside
  - KukaRobot3_CtrlDB.sROBtoPLC.User.Cycle.DO301_HomeFinish
  - KukaRobot3_CtrlDB.sROBtoPLC.User.Cycle.DO305_GripScanInside
  - KukaRobot3_CtrlDB.sROBtoPLC.User.Cycle.DO306_GripScanFinish
  - KukaRobot3_CtrlDB.sROBtoPLC.User.Cycle.DO307_ScanPos1Reach
  - KukaRobot3_CtrlDB.sROBtoPLC.User.Cycle.DO308_ScanPos2Reach
  - KukaRobot3_CtrlDB.sROBtoPLC.User.Cycle.DO309_ScanPos3Reach
  - KukaRobot3_CtrlDB.sROBtoPLC.User.Cycle.DO310_ScanPos4Reach
  - KukaRobot3_CtrlDB.sROBtoPLC.User.Home.DO161_WaitForHomeSeqStart
  - KukaRobot3_CtrlDB.sROBtoPLC.User.Public.GO5_RobGrip1Status
  - KukaRobot3_CtrlDB.sROBtoPLC.User.Public.GO6_RobGrip2Status
  - KukaRobot3_CtrlDB.sROBtoPLC.User.Safety.DO452
  - KukaRobot3_CtrlDB.sROBtoPLC.User.Safety.DO453
  - KukaRobot3_CtrlDB.sROBtoPLC.User.Safety.DO454
  - KukaRobot3_CtrlDB.sROBtoPLC.User.Safety.DO460
  - KukaRobot3_CtrlDB.sROBtoPLC.User.Safety.DO461
  - KukaRobot3_CtrlDB.sROBtoPLC.User.Safety.DO462
  - PalletNGData.UnLoadingNGPallet.OpenFlag
  - Robot_DB.Robot_3.BrakeTest_Req
  - Robot_DB.Robot_3.MasteringTest_Req
  - ST10Cylinder.Cy[17].In.HomePositionSensor
  - ST10Cylinder.Cy[17].In.WorkPositionSensor
  - ST10Cylinder.Cy[18].In.HomePositionSensor
  - ST10Cylinder.Cy[18].In.WorkPositionSensor
  - ST10_DeviceError.F.Robot_3.ManualMoved
  - Station_Sys.Alarm.CycleStop
  - Station_Sys.Alarm.ImmediatelyStop
  - Station_Sys.Cmd.OnOffLine
  - TON.TON[69].Q
  - TON.TON[70].Q
  - iA-Rotating product Check
  - iE-NG-03MagnetDispenseNGDetection
  - iE-NG-03ShaftDispenseNGDetection
  - iF-ROOBT3Gripper1Detection
  - iF-ROOBT3Gripper2Detection-
Unmapped symbols (extend map or DB):
  - AutoProcessData.GlobalData.Robot1GripperCodeOKFlag
  - AutoProcessData.GlobalData.Table1CodeOKFlag
  - ChangeOver_DB.Global.AllFixtureScanCompareOk
  - ChangeOver_DB.Global.ScanFixtureFlag
  - KeyenceSR1000Ctrl_800A1DB.sHMI.Indata.ReadComplete
  - KeyenceSR1000Ctrl_800A1DB.sHMI.Status.Complete
  - KeyenceSR1000Ctrl_800A1DB.sHMI.Status.ReadNok
  - KeyenceSR1000Ctrl_800A1DB.sHMI.Status.ReadOk
  - KeyenceSR1000Ctrl_800A1DB.sHMI.Status.Ready
  - PLCtoMES.Static_2
  - ST10Cylinder.Cy[1].In.HomePositionSensor
  - ST10Cylinder.Cy[1].In.WorkPositionSensor
  - ST10Cylinder.Cy[2].In.HomePositionSensor
  - ST10Cylinder.Cy[2].In.WorkPositionSensor
  - ST10_RecipeDB.Recipe.Equal
  - ServoV90_A1.Out.oReady
  - ServoV90_DeviceCtl.V90Servo[1].Point[1].Achieve
  - ServoV90_DeviceCtl.V90Servo[1].Point[2].Achieve
  - ServoV90_DeviceCtl.V90Servo[1].Point[3].Achieve
  - ServoV90_DeviceCtl.V90Servo[1].Point[4].Achieve
  - ServoV90_DeviceCtl.V90Servo[1].Point[5].Achieve
  - ServoV90_DeviceCtl.V90Servo[1].Point[6].Achieve
  - ServoV90_DeviceCtl.V90Servo[1].Point[7].Achieve
  - ServoV90_DeviceCtl.V90Servo[1].Point[8].Achieve
  - Station_Sys.Alarm.CycleStop
  - Station_Sys.Alarm.ImmediatelyStop
  - Station_Sys.Cmd.OnOffLine
  - iA-Rotating product Check
Unmapped symbols (extend map or DB):
  - ST10Cylinder.Cy[21].In.HomePositionSensor
  - ST10Cylinder.Cy[21].In.WorkPositionSensor
  - ST10Cylinder.Cy[22].In.HomePositionSensor
  - ST10Cylinder.Cy[22].In.WorkPositionSensor
  - ST10Cylinder.Cy[27].Inout.AutoGoHome
  - ST10Cylinder.Cy[27].Inout.AutoGoWork
  - Station_Sys.Alarm.CycleStop
  - Station_Sys.Alarm.ImmediatelyStop
  - iH-shaftLiftingPalletDischarge
  - iH-shaftMiddleDetection
  - iH-shaftTakeDetection1
Unmapped symbols (extend map or DB):
  - KukaRobot2_CtrlDB.sROBtoPLC.Sys.SO.IN_HOME
  - KukaRobot2_CtrlDB.sROBtoPLC.User.Cycle.DO241_PickPalletInside
  - KukaRobot2_CtrlDB.sROBtoPLC.User.Cycle.DO242_PickPalletFinish
  - KukaRobot2_CtrlDB.sROBtoPLC.User.Home.DO163_HomeSeqOK
  - KukaRobot2_CtrlDB.sROBtoPLC.User.Public.GO7_Pallet1Count
  - ST10Cylinder.Cy[31].In.HomePositionSensor
  - ST10Cylinder.Cy[31].In.WorkPositionSensor
  - ST10Cylinder.Cy[32].In.HomePositionSensor
  - ST10Cylinder.Cy[32].In.WorkPositionSensor
  - ST10Cylinder.Cy[37].Inout.AutoGoHome
  - ST10Cylinder.Cy[37].Inout.AutoGoWork
  - Station_Sys.Alarm.CycleStop
  - Station_Sys.Alarm.ImmediatelyStop
  - iJ-MagnetMiddleDetection
  - iJ-magnetLiftingPalletDischargeDetection
  - iJ-magnetTakeDetection1
Unmapped symbols (extend map or DB):
  - KukaRobot2_CtrlDB.sROBtoPLC.User.Public.GO7_Pallet1Count
  - ST10Cylinder.Cy[41].In.HomePositionSensor
  - ST10Cylinder.Cy[41].In.WorkPositionSensor
  - ST10Cylinder.Cy[42].In.HomePositionSensor
  - ST10Cylinder.Cy[42].In.WorkPositionSensor
  - ST10Cylinder.Cy[47].Inout.AutoGoHome
  - ST10Cylinder.Cy[47].Inout.AutoGoWork
  - Station_Sys.Alarm.CycleStop
  - Station_Sys.Alarm.ImmediatelyStop
  - iK-reserveLifting3PalletDischargeDetection
  - iK-reserveMiddleDetection
  - iK-reserveTakeDetection1
Unmapped symbols (extend map or DB):
  - KukaRobot3_CtrlDB.sROBtoPLC.Sys.SO.IN_HOME
  - KukaRobot3_CtrlDB.sROBtoPLC.User.Cycle.DO289_PutOkPartInside
  - KukaRobot3_CtrlDB.sROBtoPLC.User.Home.DO163_HomeSeqOK
  - KukaRobot3_CtrlDB.sROBtoPLC.User.Public.GO8_UnloadingPalletCount
  - MEStoPLC.MES.Load_StoveCheckInOk
  - PLCtoMES.PLC.Load_StoveCheckIn
  - ST10Cylinder.Cy[51].In.HomePositionSensor
  - ST10Cylinder.Cy[51].In.WorkPositionSensor
  - ST10Cylinder.Cy[52].In.HomePositionSensor
  - ST10Cylinder.Cy[52].In.WorkPositionSensor
  - ST10_PLC_GetDB.InData.Control.PalletInPos
  - Station_Sys.Alarm.CycleStop
  - Station_Sys.Alarm.ImmediatelyStop
  - iL-UnloadingPalletDischargeDetection
  - iL-UnloadingTransplantingPalletInPlaceDetection
Unmapped symbols (extend map or DB):
  - H-shaftPalletEmptyCheck1
  - H-shaftPalletEmptyCheck2
  - H-shaftPalletEmptyCheck3
  - MotorControl.Dev[11].OutControl.o_Ready
  - MotorControl.Dev[12].OutControl.o_Ready
  - ST10Cylinder.Cy[23].Inout.AutoGoHome
  - ST10Cylinder.Cy[23].Inout.AutoGoWork
  - ST10Cylinder.Cy[24].Inout.AutoGoHome
  - ST10Cylinder.Cy[24].Inout.AutoGoWork
  - ST10Cylinder.Cy[25].Inout.AutoGoHome
  - ST10Cylinder.Cy[25].Inout.AutoGoWork
  - ST10Cylinder.Cy[26].Inout.AutoGoHome
  - ST10Cylinder.Cy[26].Inout.AutoGoWork
  - Station_Sys.Alarm.CycleStop
  - Station_Sys.Alarm.ImmediatelyStop
  - iH-shaftLiftingPalletDischarge
  - iH-shaftLoadingDetection1
  - iH-shaftLoadingDetection2
  - iH-shaftLoadingDetection3
  - iH-shaftLoadingDetection4
  - iH-shaftMiddleDetection
  - iH-shaftPalletEmptyCheck4
  - iH-shaftTakeDetection1
  - iH-shaftTakeDetection2
  - iH-shaftTakeDetection3
  - iH-shaftTakeGateDetection
  - iH-shaftTakeShaftDetection
Unmapped symbols (extend map or DB):
  - J-mganePalletEmptyCheck1
  - J-mganePalletEmptyCheck2
  - J-mganePalletEmptyCheck3
  - J-mganePalletEmptyCheck4
  - MotorControl.Dev[13].OutControl.o_Ready
  - MotorControl.Dev[14].OutControl.o_Ready
  - ST10Cylinder.Cy[33].Inout.AutoGoHome
  - ST10Cylinder.Cy[33].Inout.AutoGoWork
  - ST10Cylinder.Cy[34].Inout.AutoGoHome
  - ST10Cylinder.Cy[34].Inout.AutoGoWork
  - ST10Cylinder.Cy[35].Inout.AutoGoHome
  - ST10Cylinder.Cy[35].Inout.AutoGoWork
  - ST10Cylinder.Cy[36].Inout.AutoGoHome
  - ST10Cylinder.Cy[36].Inout.AutoGoWork
  - Station_Sys.Alarm.CycleStop
  - Station_Sys.Alarm.ImmediatelyStop
  - iJ-MagnetMiddleDetection
  - iJ-magnetLiftingPalletDischargeDetection
  - iJ-magnetLoadingDetection1
  - iJ-magnetLoadingDetection2
  - iJ-magnetLoadingDetection3
  - iJ-magnetLoadingDetection4
  - iJ-magnetTakeDetection1
  - iJ-magnetTakeDetection2
  - iJ-magnetTakeDetection3
  - iJ-magnetTakeGateDetection
  - iJ-magnetTakeShaftDetection
Unmapped symbols (extend map or DB):
  - K-reservePalletEmptyCheck1
  - K-reservePalletEmptyCheck2
  - K-reservePalletEmptyCheck3
  - K-reservePalletEmptyCheck4
  - MotorControl.Dev[15].OutControl.o_Ready
  - MotorControl.Dev[16].OutControl.o_Ready
  - ST10Cylinder.Cy[43].Inout.AutoGoHome
  - ST10Cylinder.Cy[43].Inout.AutoGoWork
  - ST10Cylinder.Cy[44].Inout.AutoGoHome
  - ST10Cylinder.Cy[44].Inout.AutoGoWork
  - ST10Cylinder.Cy[45].Inout.AutoGoHome
  - ST10Cylinder.Cy[45].Inout.AutoGoWork
  - ST10Cylinder.Cy[46].Inout.AutoGoHome
  - ST10Cylinder.Cy[46].Inout.AutoGoWork
  - Station_Sys.Alarm.CycleStop
  - Station_Sys.Alarm.ImmediatelyStop
  - iK-reserveLifting3PalletDischargeDetection
  - iK-reserveLoadingDetection1
  - iK-reserveLoadingDetection2
  - iK-reserveLoadingDetection3
  - iK-reserveLoadingDetection4
  - iK-reserveMiddleDetection
  - iK-reserveTakeDetection1
  - iK-reserveTakeDetection2
  - iK-reserveTakeDetection3
  - iK-reserveTakeGateDetection
  - iK-reserveTakeShaftDetection
Unmapped symbols (extend map or DB):
  - L-UnloadinPalletEmptyCheck1
  - L-UnloadinPalletEmptyCheck2
  - L-UnloadinPalletEmptyCheck3
  - L-UnloadinTakeGateDetection
  - MotorControl.Dev[17].OutControl.o_Ready
  - ST10Cylinder.Cy[53].Inout.AutoGoHome
  - ST10Cylinder.Cy[53].Inout.AutoGoWork
  - ST10Cylinder.Cy[54].Inout.AutoGoHome
  - ST10Cylinder.Cy[54].Inout.AutoGoWork
  - ST10Cylinder.Cy[55].Inout.AutoGoHome
  - ST10Cylinder.Cy[55].Inout.AutoGoWork
  - Station_Sys.Alarm.CycleStop
  - Station_Sys.Alarm.ImmediatelyStop
  - iH-shaftPalletEmptyCheck4
  - iK-reserveLifting3PalletDischargeDetection
  - iK-reserveMiddleDetection
  - iL-UnloadingDetection1
  - iL-UnloadingDetection2
  - iL-UnloadingDetection3
  - iL-UnloadingTransplantingPalletInPlaceDetection
Unmapped symbols (extend map or DB):
  - AutoProcessData.GlobalData.Table1CodeOKFlag
  - ChangeOver_DB.Global.AllFixtureScanCompareOk
  - ChangeOver_DB.Global.ChangeOverRequest
  - ChangeOver_DB.Global.ChangeOverSelected
  - ChangeOver_DB.Global.ManualModeFlag
  - ChangeOver_DB.Global.ScanFixtureFlag
  - ST10Cylinder.Cy[1].In.HomePositionSensor
  - ST10Cylinder.Cy[1].In.WorkPositionSensor
  - ST10Cylinder.Cy[2].In.HomePositionSensor
  - ST10Cylinder.Cy[2].In.WorkPositionSensor
  - ST10_DeviceError.A.A1TableUnloading.RingCheckExist
  - ST10_GeneralData.FunctionDeSelect.Global.DeSelectPB_ScanFixture
  - ServoV90_A1.Out.oReady
  - ServoV90_A1.Out.oServoPosOK
  - ServoV90_DeviceCtl.V90Servo[1].Point[ServoV90_DeviceCtl.V90Servo[1].nPositionListNo].Achieve
  - ServoV90_DeviceCtl.V90Servo[1].nPositionListNo
  - Station_Sys.Alarm.CycleStop
  - Station_Sys.Alarm.ImmediatelyStop
  - Station_Sys.Cmd.ClearFlags
  - TOF[5].Q
  - iA-Loading-01Detection
  - iA-Loading-01GripperTakeDetection
  - iA-Loading-01PipeDetection
  - iHMI Machine Start
Unmapped symbols (extend map or DB):
  - AutoProcessData.A_ScanRotate.PartStatus
  - KeyenceSR1000Ctrl_801A1DB.sHMI.Status.Complete
  - KeyenceSR1000Ctrl_801A1DB.sHMI.Status.ReadNok
  - KeyenceSR1000Ctrl_801A1DB.sHMI.Status.ReadOk
  - KeyenceSR1000Ctrl_801A1DB.sHMI.Status.Ready
  - MEStoPLC.MES.Load_Station1PartNG
  - MEStoPLC.MES.Load_Station1PartOK
  - MEStoPLC.MES.Load_Station1ReqMesDone
  - MEStoPLC.MES.Unload_ResultsStored1NG
  - MEStoPLC.MES.Unload_ResultsStored1OK
  - MEStoPLC.MES.Unload_ResultsStored1ReqMesDone
  - PLCtoMES.PLC.Load_Station1ChickInReq
  - PLCtoMES.PLC.Unload_Station1DataSaveReq
  - ServoV90_A2.Out.oReady
  - ServoV90_DeviceCtl.V90Servo[2].Point[1].Achieve
  - ServoV90_DeviceCtl.V90Servo[2].Point[2].Achieve
  - ServoV90_DeviceCtl.V90Servo[2].Point[3].Achieve
  - ServoV90_DeviceCtl.V90Servo[2].Point[4].Achieve
  - ServoV90_DeviceCtl.V90Servo[2].Point[5].Achieve
  - ServoV90_DeviceCtl.V90Servo[2].Point[6].Achieve
  - ServoV90_DeviceCtl.V90Servo[2].Point[7].Achieve
  - ServoV90_DeviceCtl.V90Servo[2].Point[8].Achieve
  - Station_Sys.Alarm.CycleStop
  - Station_Sys.Alarm.ImmediatelyStop
  - Station_Sys.Cmd.OnOffLine
  - TOF[1].Q
  - iA-Rotating product Check
Unmapped symbols (extend map or DB):
  - AutoProcessData.B_Press1.PartStatus
  - DB_maXYmosNC1.InputMessages.StatusBits.DRIVE-ENABLED
  - DB_maXYmosNC1.InputMessages.StatusBits.MP
  - DB_maXYmosNC1.InputMessages.StatusBits.O-UNI
  - DB_maXYmosNC1.InputMessages.StatusBits.READY
  - DB_maXYmosNC1.InputMessages.StatusBits.RUN-SEQUENCE
  - DB_maXYmosNC1.InputMessages.StatusBits.SEQUENCE-END
  - DB_maXYmosNC1.InputMessages.StatusBits.UNI
  - DB_maXYmosNC1.oCycleNOK
  - DB_maXYmosNC1.oCycleOK
  - DB_maXYmosNC1.oInHomePos
  - DB_maXYmosNC1.oRdyAmp
  - DB_maXYmosNC1.oRdyCmd
  - DB_maXYmosNC1.oReady
  - DB_maXYmosNC1.oRunSeq
  - MEStoPLC.MES.Load_Station3PartNG
  - MEStoPLC.MES.Load_Station3PartOK
  - MEStoPLC.MES.Load_Station3ReqMesDone
  - MEStoPLC.MES.Load_Station7ReqMesDone
  - MEStoPLC.MES.Unload_ResultsStored3NG
  - MEStoPLC.MES.Unload_ResultsStored3OK
  - MEStoPLC.MES.Unload_ResultsStored3ReqMesDone
  - PLCtoMES.PLC.Load_Station3ChickInReq
  - PLCtoMES.PLC.Unload_Station3DataSaveReq
  - ProcessData_1.OP40.2.Kistler_Interlock
  - ST10Cylinder.Cy[5].In.HomePositionSensor
  - ST10Cylinder.Cy[5].In.WorkPositionSensor
  - ST10Cylinder.Cy[6].In.HomePositionSensor
  - ST10Cylinder.Cy[6].In.WorkPositionSensor
  - Station_Sys.Alarm.CycleStop
  - Station_Sys.Alarm.ImmediatelyStop
  - Station_Sys.Cmd.OnOffLine
  - iB-PressFitting-01DownRingDetection
  - iB-PressFitting-01ShaftDetection
  - iB-PressFitting-01UpRingDetection
Unmapped symbols (extend map or DB):
  - AutoProcessData.A_ScanRotate.PartStatus
  - AutoProcessData.B_Press1.PartStatus
  - AutoProcessData.F_Robot1Grip1.PartStatus
  - AutoProcessData.F_Robot1Grip2.PartStatus
  - AutoProcessData.GlobalData.Robot1GripperCodeOKFlag
  - AutoProcessData.GlobalData.Robot2GripperCodeOKFlag
  - ChangeOver_DB.Global.AllFixtureScanCompareOk
  - ChangeOver_DB.Global.ChangeOverRequest
  - ChangeOver_DB.Global.ChangeOverSelected
  - ChangeOver_DB.Global.ManualModeFlag
  - ChangeOver_DB.Global.ScanFixtureFlag
  - ChangeOver_DB.Robot_1.HMI_MaintenanceHomeReq
  - ChangeOver_DB.Robot_1.HMI_MaintenancePosActive
  - ChangeOver_DB.Robot_1.MaintenancePosReqSelFlag
  - ChangeOver_DB.Robot_1.Req_RobotToMaintenancePos
  - KeyenceSR1000Ctrl_804A1DB.oReady
  - KeyenceSR1000Ctrl_804A1DB.sHMI.Status.Complete
  - KeyenceSR1000Ctrl_804A1DB.sHMI.Status.ReadNok
  - KeyenceSR1000Ctrl_804A1DB.sHMI.Status.ReadOk
  - KeyenceSR1000Ctrl_804A1DB.sHMI.Status.Ready
  - KukaRobot2_CtrlDB.sROBtoPLC.Sys.SO.IN_HOME
  - KukaRobot2_CtrlDB.sROBtoPLC.Sys.SO.I_O_ACTCONF
  - KukaRobot2_CtrlDB.sROBtoPLC.User.Cycle.DO241_PickPalletInside
  - KukaRobot2_CtrlDB.sROBtoPLC.User.Cycle.DO261_ScanPartInside
  - KukaRobot2_CtrlDB.sROBtoPLC.User.Cycle.DO265_GluePutInside
  - KukaRobot2_CtrlDB.sROBtoPLC.User.Cycle.DO269_GluePickInside
  - KukaRobot2_CtrlDB.sROBtoPLC.User.Cycle.DO298_MaintainFinish
  - KukaRobot2_CtrlDB.sROBtoPLC.User.Cycle.DO305_GripScanInside
  - KukaRobot2_CtrlDB.sROBtoPLC.User.Home.DO182_Robot1Area
  - PalletNGData.LoadingNGPallet.OpenFlag
  - Robot_DB.Robot_1.BrakeTest_Req
  - Robot_DB.Robot_1.MasteringTest_Req
  - ST10Cylinder.Cy[13].In.HomePositionSensor
  - ST10Cylinder.Cy[13].In.WorkPositionSensor
  - ST10Cylinder.Cy[14].In.HomePositionSensor
  - ST10Cylinder.Cy[14].In.WorkPositionSensor
  - ST10_DeviceError.F.Robot_1.ManualMoved
  - Station_Sys.Alarm.CycleStop
  - Station_Sys.Alarm.ImmediatelyStop
  - Station_Sys.Cmd.OnOffLine
  - TON.TON[74].Q
  - TON.TON[76].Q
  - iA-Rotating product Check
  - iF-ROOBT1Gripper1CylinderInHP
  - iF-ROOBT1Gripper1CylinderInWP
  - iF-ROOBT1Gripper2Detection
Unmapped symbols (extend map or DB):
  - ''
  - AutoProcessData.GlobalData.Fixture1CodeOKFlag
  - AutoProcessData.GlobalData.Fixture2CodeOKFlag
  - AutoProcessData.GlobalData.Robot1GripperCodeOKFlag
  - AutoProcessData.GlobalData.Robot2GripperCodeOKFlag
  - AutoProcessData.GlobalData.Robot3GripperCodeOKFlag
  - AutoProcessData.GlobalData.Table1CodeOKFlag
  - AutoProcessData.GlobalData.Table2CodeOKFlag
  - ChangeOver_DB.Global.AllFixtureScanCompareOk
  - ChangeOver_DB.Global.ChangeOverRequest
  - ChangeOver_DB.Global.ChangeOverSelected
  - ChangeOver_DB.Global.ScanFixtureFlag
  - ChangeOver_DB.Global.Station_empty
  - KeyenceSR1000Ctrl_803A1DB.oReady
  - KeyenceSR1000Ctrl_803A1DB.sHMI.Status.Complete
  - KeyenceSR1000Ctrl_803A1DB.sHMI.Status.Ready
  - KeyenceSR1000Ctrl_804A1DB.oReady
  - KeyenceSR1000Ctrl_804A1DB.sHMI.Status.Complete
  - KeyenceSR1000Ctrl_804A1DB.sHMI.Status.Ready
  - KeyenceSR1000Ctrl_805A1DB.sHMI.Status.Complete
  - KeyenceSR1000Ctrl_805A1DB.sHMI.Status.Ready
  - KeyenceSR1000Ctrl_806A1DB.oReady
  - KeyenceSR1000Ctrl_806A1DB.sHMI.Status.Complete
  - KeyenceSR1000Ctrl_806A1DB.sHMI.Status.Ready
  - KeyenceSR1000Ctrl_807A1DB.sHMI.Status.Complete
  - KeyenceSR1000Ctrl_807A1DB.sHMI.Status.Ready
  - KukaRobot2_CtrlDB.sROBtoPLC.Sys.SO.IN_HOME
  - KukaRobot2_CtrlDB.sROBtoPLC.User.Cycle.DO249_ScanNGPutInside
  - KukaRobot2_CtrlDB.sROBtoPLC.User.Cycle.DO253_GlueNGPutInside
  - KukaRobot2_CtrlDB.sROBtoPLC.User.Cycle.DO273_PressPutPart1Inside
  - KukaRobot2_CtrlDB.sROBtoPLC.User.Cycle.DO297_MaintainInside
  - KukaRobot2_CtrlDB.sROBtoPLC.User.Cycle.DO298_MaintainFinish
  - KukaRobot2_CtrlDB.sROBtoPLC.User.Cycle.DO305_GripScanInside
  - KukaRobot2_CtrlDB.sROBtoPLC.User.Cycle.DO306_GripScanFinish
  - KukaRobot2_CtrlDB.sROBtoPLC.User.Cycle.DO307_ScanPos1Reach
  - KukaRobot2_CtrlDB.sROBtoPLC.User.Cycle.DO308_ScanPos2Reach
  - KukaRobot2_CtrlDB.sROBtoPLC.User.Cycle.DO309_ScanPos3Reach
  - KukaRobot2_CtrlDB.sROBtoPLC.User.Cycle.DO310_ScanPos4Reach
  - KukaRobot2_CtrlDB.sROBtoPLC.User.Home.DO181_Robot3Area
  - KukaRobot3_CtrlDB.sROBtoPLC.Sys.SO.IN_HOME
  - KukaRobot3_CtrlDB.sROBtoPLC.User.Cycle.DO225_ScanPosInside
  - KukaRobot3_CtrlDB.sROBtoPLC.User.Cycle.DO226_ScanPos1Reach
  - KukaRobot3_CtrlDB.sROBtoPLC.User.Cycle.DO227_ScanPos2Reach
  - KukaRobot3_CtrlDB.sROBtoPLC.User.Cycle.DO228_ScanPos3Reach
  - KukaRobot3_CtrlDB.sROBtoPLC.User.Cycle.DO229_ScanPos4Reach
  - KukaRobot3_CtrlDB.sROBtoPLC.User.Cycle.DO230_ScanPos5Reach
  - KukaRobot3_CtrlDB.sROBtoPLC.User.Cycle.DO233_ScanPoseFinish
  - KukaRobot3_CtrlDB.sROBtoPLC.User.Cycle.DO297_MaintainInside
  - KukaRobot3_CtrlDB.sROBtoPLC.User.Cycle.DO298_MaintainFinish
  - KukaRobot3_CtrlDB.sROBtoPLC.User.Cycle.DO301_HomeFinish
  - KukaRobot3_CtrlDB.sROBtoPLC.User.Cycle.DO305_GripScanInside
  - KukaRobot3_CtrlDB.sROBtoPLC.User.Cycle.DO306_GripScanFinish
  - KukaRobot3_CtrlDB.sROBtoPLC.User.Cycle.DO307_ScanPos1Reach
  - KukaRobot3_CtrlDB.sROBtoPLC.User.Cycle.DO308_ScanPos2Reach
  - KukaRobot3_CtrlDB.sROBtoPLC.User.Cycle.DO309_ScanPos3Reach
  - KukaRobot3_CtrlDB.sROBtoPLC.User.Cycle.DO310_ScanPos4Reach
  - Robot_DB.Robot_2.GripCompareCodeOK
  - ST10_RecipeDB.Recipe.Equal
  - ST10_RecipeDB.Recipe.RecordName
  - Station_Sys.Alarm.CycleStop
  - Station_Sys.Alarm.ImmediatelyStop
  - iA-Rotating product Check
  - iC-GlueServoHomePos
Unmapped symbols (extend map or DB):
  - -5
  - AutoProcessData.C_Glue.PartStatus
  - Axis_FB_DB.IAI_Axis[3].RecvData.Input 4 word_1.Current Position
  - DB_KeyenceCheckerIV3.aDev[1].Common.bDone
  - DB_KeyenceCheckerIV3.aDev[1].Common.bEnable
  - DB_KeyenceCheckerIV3.aDev[1].Common.bError
  - DB_KeyenceCheckerIV3.aDev[1].Common.nMode
  - DB_KeyenceCheckerIV3.aDev[1].In.DeviceStatus.nCurrentProgramNo
  - DB_KeyenceCheckerIV3.aDev[1].Para.bProductOverallNG
  - DB_KeyenceCheckerIV3.aDev[1].Para.bProductOverallOK
  - DB_KeyenceCheckerIV3.aDev[1].Para.nProgramNo
  - DB_KeyenceCheckerIV3.aDev[2].Common.bDone
  - DB_KeyenceCheckerIV3.aDev[2].Common.bEnable
  - DB_KeyenceCheckerIV3.aDev[2].Common.bError
  - DB_KeyenceCheckerIV3.aDev[2].Common.nMode
  - DB_KeyenceCheckerIV3.aDev[2].In.DeviceStatus.nCurrentProgramNo
  - DB_KeyenceCheckerIV3.aDev[2].Para.bProductOverallNG
  - DB_KeyenceCheckerIV3.aDev[2].Para.bProductOverallOK
  - DB_KeyenceCheckerIV3.aDev[2].Para.nProgramNo
  - GluingControl.Input.GluingDeviceReady
  - IAI_DeviceCtl.IAIServo[1].Point[1].Achieve
  - IAI_DeviceCtl.IAIServo[1].Point[2].Achieve
  - IAI_DeviceCtl.IAIServo[1].Point[3].Achieve
  - IAI_DeviceCtl.IAIServo[1].Point[4].Achieve
  - IAI_DeviceCtl.IAIServo[1].Point[5].Achieve
  - IAI_DeviceCtl.IAIServo[1].Point[6].Achieve
  - IAI_DeviceCtl.IAIServo[1].Point[7].Achieve
  - IAI_DeviceCtl.IAIServo[1].Point[9].Achieve
  - IAI_DeviceCtl.IAIServo[2].Point[1].Achieve
  - IAI_DeviceCtl.IAIServo[2].Point[2].Achieve
  - IAI_DeviceCtl.IAIServo[2].Point[3].Achieve
  - IAI_DeviceCtl.IAIServo[2].Point[4].Achieve
  - IAI_DeviceCtl.IAIServo[2].Point[5].Achieve
  - IAI_DeviceCtl.IAIServo[2].Point[6].Achieve
  - IAI_DeviceCtl.IAIServo[2].Point[7].Achieve
  - IAI_DeviceCtl.IAIServo[2].Point[8].Achieve
  - IAI_DeviceCtl.IAIServo[3].Point[1].Achieve
  - IAI_DeviceCtl.IAIServo[3].Point[2].Achieve
  - IAI_DeviceCtl.IAIServo[3].Point[3].Achieve
  - IAI_DeviceCtl.IAIServo[3].Point[4].Achieve
  - IAI_DeviceCtl.IAIServo[3].Point[5].Achieve
  - IAI_DeviceCtl.IAIServo[3].Point[6].Achieve
  - IAI_DeviceCtl.IAIServo[3].Point[7].Achieve
  - KukaRobot2_CtrlDB.sROBtoPLC.Sys.SO.IN_HOME
  - KukaRobot2_CtrlDB.sROBtoPLC.User.Cycle.DO265_GluePutInside
  - KukaRobot2_CtrlDB.sROBtoPLC.User.Cycle.DO266_GluePutFinish
  - KukaRobot2_CtrlDB.sROBtoPLC.User.Cycle.DO269_GluePickInside
  - KukaRobot2_CtrlDB.sROBtoPLC.User.Cycle.DO270_GluePickFinish
  - KukaRobot2_CtrlDB.sROBtoPLC.User.Home.DO163_HomeSeqOK
  - MEStoPLC.MES.Load_Station5PartNG
  - MEStoPLC.MES.Load_Station5PartOK
  - MEStoPLC.MES.Load_Station5ReqMesDone
  - MEStoPLC.MES.Unload_ResultsStored5NG
  - MEStoPLC.MES.Unload_ResultsStored5OK
  - MEStoPLC.MES.Unload_ResultsStored5ReqMesDone
  - PLCtoMES.PLC.Load_Station5ChickInReq
  - ST10Cylinder.Cy[9].In.HomePositionSensor
  - ST10Cylinder.Cy[9].In.WorkPositionSensor
  - ST10_GeneralData.FunctionDeSelect.C.FunctionDeSelected_Glue
  - ST10_GeneralData.FunctionDeSelect.C.FunctionDeSelected_IV3810A1
  - ST10_GeneralData.FunctionDeSelect.C.FunctionDeSelected_IV3811A1
  - ServoV90_A3.Out.oActPosition
  - ServoV90_A3.Out.oReady
  - ServoV90_DeviceCtl.V90Servo[3].Point[1].Achieve
  - ServoV90_DeviceCtl.V90Servo[3].Point[2].Achieve
  - ServoV90_DeviceCtl.V90Servo[3].Point[3].Achieve
  - ServoV90_DeviceCtl.V90Servo[3].Point[4].Achieve
  - ServoV90_DeviceCtl.V90Servo[3].Point[5].Achieve
  - ServoV90_DeviceCtl.V90Servo[3].Point[6].Achieve
  - ServoV90_DeviceCtl.V90Servo[3].Point[7].Achieve
  - ServoV90_DeviceCtl.V90Servo[3].Point[8].Achieve
  - ServoV90_DeviceCtl.V90Servo[3].Point[9].Achieve
  - Station_Sys.Alarm.CycleStop
  - Station_Sys.Alarm.ImmediatelyStop
  - Station_Sys.Cmd.DryRun
  - Station_Sys.Cmd.OnOffLine
  - iA-Loading-01Detection
  - iA-Loading-01GripperTakeDetection
  - iA-Loading-01PipeDetection
  - iC-LocationShaftDetection
  - iHMI Machine Start
  - iHMI ResetButton
Unmapped symbols (extend map or DB):
  - AutoProcessData.C_Glue.PartStatus
  - AutoProcessData.F_Robot1Grip2.PartStatus
  - AutoProcessData.F_Robot2Grip1.PartStatus
  - AutoProcessData.F_Robot2Grip2.PartStatus
  - AutoProcessData.GlobalData.Robot2GripperCodeOKFlag
  - ChangeOver_DB.Global.AllFixtureScanCompareOk
  - ChangeOver_DB.Global.ManualModeFlag
  - ChangeOver_DB.Global.ScanFixtureFlag
  - ChangeOver_DB.Robot_1.MaintenancePosReqSelFlag
  - ChangeOver_DB.Robot_2.HMI_MaintenanceHomeReq
  - ChangeOver_DB.Robot_2.HMI_MaintenancePosActive
  - ChangeOver_DB.Robot_2.MaintenancePosReqSelFlag
  - ChangeOver_DB.Robot_2.Req_RobotToMaintenancePos
  - KeyenceSR1000Ctrl_806A1DB.oReady
  - KeyenceSR1000Ctrl_806A1DB.sHMI.Status.Complete
  - KeyenceSR1000Ctrl_806A1DB.sHMI.Status.ReadNok
  - KeyenceSR1000Ctrl_806A1DB.sHMI.Status.ReadOk
  - KeyenceSR1000Ctrl_806A1DB.sHMI.Status.Ready
  - KukaRobot2_CtrlDB.iSpeedValue
  - KukaRobot2_CtrlDB.oReady
  - KukaRobot2_CtrlDB.oStartComplete
  - KukaRobot2_CtrlDB.sHMI.GoHomeFail
  - KukaRobot2_CtrlDB.sHMI.HomeSeqOK
  - KukaRobot2_CtrlDB.sHMI.WaitForAutoCycleStart
  - KukaRobot2_CtrlDB.sPLCtoROB.User.Cycle.DI306_ScanPartComplete
  - KukaRobot2_CtrlDB.sPLCtoROB.User.Home.DI169_RobotMoved
  - KukaRobot2_CtrlDB.sROBtoPLC.Sys.SO.ALARM_STOP
  - KukaRobot2_CtrlDB.sROBtoPLC.Sys.SO.EXT
  - KukaRobot2_CtrlDB.sROBtoPLC.Sys.SO.IN_HOME
  - KukaRobot2_CtrlDB.sROBtoPLC.User.Cycle.DO241_PickPalletInside
  - KukaRobot2_CtrlDB.sROBtoPLC.User.Cycle.DO242_PickPalletFinish
  - KukaRobot2_CtrlDB.sROBtoPLC.User.Cycle.DO249_ScanNGPutInside
  - KukaRobot2_CtrlDB.sROBtoPLC.User.Cycle.DO250_ScanNGPutFinish
  - KukaRobot2_CtrlDB.sROBtoPLC.User.Cycle.DO253_GlueNGPutInside
  - KukaRobot2_CtrlDB.sROBtoPLC.User.Cycle.DO254_GlueNGPutFinish
  - KukaRobot2_CtrlDB.sROBtoPLC.User.Cycle.DO257_PickPartInside
  - KukaRobot2_CtrlDB.sROBtoPLC.User.Cycle.DO258_PickPartFinish
  - KukaRobot2_CtrlDB.sROBtoPLC.User.Cycle.DO261_ScanPartInside
  - KukaRobot2_CtrlDB.sROBtoPLC.User.Cycle.DO262_ScanPartFinish
  - KukaRobot2_CtrlDB.sROBtoPLC.User.Cycle.DO263_ScanReach
  - KukaRobot2_CtrlDB.sROBtoPLC.User.Cycle.DO265_GluePutInside
  - KukaRobot2_CtrlDB.sROBtoPLC.User.Cycle.DO266_GluePutFinish
  - KukaRobot2_CtrlDB.sROBtoPLC.User.Cycle.DO269_GluePickInside
  - KukaRobot2_CtrlDB.sROBtoPLC.User.Cycle.DO270_GluePickFinish
  - KukaRobot2_CtrlDB.sROBtoPLC.User.Cycle.DO273_PressPutPart1Inside
  - KukaRobot2_CtrlDB.sROBtoPLC.User.Cycle.DO274_PressPutPart1Finish
  - KukaRobot2_CtrlDB.sROBtoPLC.User.Cycle.DO297_MaintainInside
  - KukaRobot2_CtrlDB.sROBtoPLC.User.Cycle.DO298_MaintainFinish
  - KukaRobot2_CtrlDB.sROBtoPLC.User.Cycle.DO300_HomeInside
  - KukaRobot2_CtrlDB.sROBtoPLC.User.Cycle.DO301_HomeFinish
  - KukaRobot2_CtrlDB.sROBtoPLC.User.Cycle.DO305_GripScanInside
  - KukaRobot2_CtrlDB.sROBtoPLC.User.Cycle.DO306_GripScanFinish
  - KukaRobot2_CtrlDB.sROBtoPLC.User.Cycle.DO307_ScanPos1Reach
  - KukaRobot2_CtrlDB.sROBtoPLC.User.Cycle.DO308_ScanPos2Reach
  - KukaRobot2_CtrlDB.sROBtoPLC.User.Cycle.DO309_ScanPos3Reach
  - KukaRobot2_CtrlDB.sROBtoPLC.User.Cycle.DO310_ScanPos4Reach
  - KukaRobot2_CtrlDB.sROBtoPLC.User.Home.DO161_WaitForHomeSeqStart
  - KukaRobot2_CtrlDB.sROBtoPLC.User.Public.GO5_RobGrip1Status
  - KukaRobot2_CtrlDB.sROBtoPLC.User.Public.GO6_RobGrip2Status
  - KukaRobot2_CtrlDB.sROBtoPLC.User.Safety.DO452
  - KukaRobot2_CtrlDB.sROBtoPLC.User.Safety.DO453
  - KukaRobot2_CtrlDB.sROBtoPLC.User.Safety.DO454
  - KukaRobot2_CtrlDB.sROBtoPLC.User.Safety.DO460
  - KukaRobot2_CtrlDB.sROBtoPLC.User.Safety.DO461
  - KukaRobot2_CtrlDB.sROBtoPLC.User.Safety.DO462
  - KukaRobot3_CtrlDB.sROBtoPLC.Sys.SO.IN_HOME
  - KukaRobot3_CtrlDB.sROBtoPLC.User.Cycle.DO249_PickMagnetInside
  - KukaRobot3_CtrlDB.sROBtoPLC.User.Cycle.DO253_PickGlueNGInside
  - KukaRobot3_CtrlDB.sROBtoPLC.User.Cycle.DO277_PressPutRingInside
  - KukaRobot3_CtrlDB.sROBtoPLC.User.Cycle.DO298_MaintainFinish
  - KukaRobot3_CtrlDB.sROBtoPLC.User.Home.DO177_PressPut1Area
  - KukaRobot3_CtrlDB.sROBtoPLC.User.Home.DO178_Robot2Area
  - Robot_DB.Robot_2.BrakeTest_Req
  - Robot_DB.Robot_2.MasteringTest_Req
  - ST10Cylinder.Cy[15].In.HomePositionSensor
  - ST10Cylinder.Cy[15].In.WorkPositionSensor
  - ST10Cylinder.Cy[16].In.HomePositionSensor
  - ST10Cylinder.Cy[16].In.WorkPositionSensor
  - ST10_DeviceError.F.Robot_2.ManualMoved
  - Station_Sys.Alarm.CycleStop
  - Station_Sys.Alarm.ImmediatelyStop
  - Station_Sys.Cmd.OnOffLine
  - TON.TON[71].Q
  - TON.TON[72].Q
  - iA-Rotating product Check
  - iE-NG-03MagnetDispenseNGDetection
  - iE-NG-03ShaftDispenseNGDetection
  - iF-ROOBT2Gripper1Detection
  - iF-ROOBT2Gripper2Detection
